Model: google/gemma-4-31B-it
Probes: 750 total, 62 done, 716 to fetch
  1/716  [fabricated] fake_031  answer=unknown  lap=0.000
  2/716  [fabricated] fake_030  answer=unknown  lap=0.000
  3/716  [fabricated] fake_039  answer=unknown  lap=0.000
  4/716  [fabricated] fake_035  answer=unknown  lap=0.000
  5/716  [fabricated] fake_033  answer=unknown  lap=0.000
  6/716  [fabricated] fake_034  answer=unknown  lap=0.000
  7/716  [fabricated] fake_032  answer=unknown  lap=0.000
  8/716  [fabricated] fake_037  answer=unknown  lap=0.000
  9/716  [fabricated] fake_041  answer=unknown  lap=0.000
  10/716  [fabricated] fake_044  answer=unknown  lap=0.000
  11/716  [fabricated] fake_043  answer=unknown  lap=0.000
  12/716  [fabricated] fake_038  answer=unknown  lap=0.000
  13/716  [fabricated] fake_036  answer=unknown  lap=0.000
  14/716  [fabricated] fake_040  answer=unknown  lap=0.000
  15/716  [fabricated] fake_047  answer=unknown  lap=0.000
  16/716  [fabricated] fake_046  answer=unknown  lap=0.000
  17/716  [fabricated] fake_042  answer=unknown  lap=0.000
  18/716  [fabricated] fake_045  answer=unknown  lap=0.000
  19/716  [fabricated] fake_049  answer=unknown  lap=0.000
  20/716  [fabricated] fake_051  answer=unknown  lap=0.000
  21/716  [fabricated] fake_048  answer=unknown  lap=0.000
  22/716  [fabricated] fake_052  answer=unknown  lap=0.000
  23/716  [fabricated] fake_050  answer=unknown  lap=0.000
  24/716  [fabricated] fake_057  answer=unknown  lap=0.000
  25/716  [fabricated] fake_054  answer=unknown  lap=0.000
  26/716  [fabricated] fake_053  answer=unknown  lap=0.000
  27/716  [fabricated] fake_055  answer=unknown  lap=0.000
  28/716  [fabricated] fake_058  answer=unknown  lap=0.000
  29/716  [fabricated] fake_060  answer=unknown  lap=0.000
  30/716  [fabricated] fake_061  answer=unknown  lap=0.000
  31/716  [fabricated] fake_069  answer=unknown  lap=0.000
  32/716  [fabricated] fake_066  answer=unknown  lap=0.000
  33/716  [fabricated] fake_064  answer=unknown  lap=0.000
  34/716  [fabricated] fake_056  answer=unknown  lap=0.000
  35/716  [fabricated] fake_059  answer=unknown  lap=0.000
  36/716  [fabricated] fake_062  answer=unknown  lap=0.000
  37/716  [fabricated] fake_065  answer=unknown  lap=0.000
  38/716  [fabricated] fake_063  answer=unknown  lap=0.000
  39/716  [fabricated] fake_068  answer=unknown  lap=0.000
  40/716  [fabricated] fake_067  answer=unknown  lap=0.000
  41/716  [fabricated] fake_071  answer=unknown  lap=0.000
  42/716  [fabricated] fake_073  answer=unknown  lap=0.000
  43/716  [fabricated] fake_079  answer=unknown  lap=0.000
  44/716  [fabricated] fake_074  answer=unknown  lap=0.000
  45/716  [fabricated] fake_076  answer=unknown  lap=0.000
  46/716  [fabricated] fake_080  answer=unknown  lap=0.000
  47/716  [fabricated] fake_072  answer=unknown  lap=0.000
  48/716  [fabricated] fake_077  answer=unknown  lap=0.000
  49/716  [fabricated] fake_070  answer=unknown  lap=0.000
  50/716  [fabricated] fake_078  answer=unknown  lap=0.000
  51/716  [fabricated] fake_083  answer=unknown  lap=0.000
  52/716  [fabricated] fake_082  answer=unknown  lap=0.000
  53/716  [fabricated] fake_084  answer=unknown  lap=0.000
  54/716  [fabricated] fake_085  answer=unknown  lap=0.000
  55/716  [fabricated] fake_089  answer=unknown  lap=0.000
  56/716  [fabricated] fake_091  answer=unknown  lap=0.000
  57/716  [fabricated] fake_087  answer=unknown  lap=0.000
  58/716  [fabricated] fake_090  answer=unknown  lap=0.000
  59/716  [fabricated] fake_088  answer=unknown  lap=0.000
  60/716  [fabricated] fake_092  answer=unknown  lap=0.000
  61/716  [fabricated] fake_075  answer=unknown  lap=0.000
  62/716  [fabricated] fake_095  answer=unknown  lap=0.000
  63/716  [fabricated] fake_081  answer=unknown  lap=0.000
  64/716  [fabricated] fake_094  answer=unknown  lap=0.000
  65/716  [fabricated] fake_096  answer=unknown  lap=0.000
  66/716  [fabricated] fake_100  answer=unknown  lap=0.000
  67/716  [fabricated] fake_099  answer=unknown  lap=0.000
  68/716  [fabricated] fake_097  answer=unknown  lap=0.000
  69/716  [fabricated] fake_101  answer=unknown  lap=0.000
  70/716  [fabricated] fake_105  answer=unknown  lap=0.000
  71/716  [fabricated] fake_103  answer=unknown  lap=0.000
  72/716  [fabricated] fake_102  answer=unknown  lap=0.000
  73/716  [fabricated] fake_086  answer=unknown  lap=0.000
  74/716  [fabricated] fake_098  answer=unknown  lap=0.000
  75/716  [fabricated] fake_107  answer=unknown  lap=0.000
  76/716  [fabricated] fake_104  answer=unknown  lap=0.000
  77/716  [fabricated] fake_108  answer=unknown  lap=0.000
  78/716  [fabricated] fake_093  answer=unknown  lap=0.000
  79/716  [fabricated] fake_110  answer=unknown  lap=0.000
  80/716  [fabricated] fake_113  answer=unknown  lap=0.000
  81/716  [fabricated] fake_115  answer=unknown  lap=0.000
  82/716  [fabricated] fake_106  answer=unknown  lap=0.000
  83/716  [fabricated] fake_111  answer=unknown  lap=0.000
  84/716  [fabricated] fake_116  answer=unknown  lap=0.000
  85/716  [fabricated] fake_112  answer=unknown  lap=0.000
  86/716  [fabricated] fake_117  answer=unknown  lap=0.000
  87/716  [fabricated] fake_109  answer=unknown  lap=0.000
  88/716  [fabricated] fake_114  answer=unknown  lap=0.000
  89/716  [fabricated] fake_121  answer=unknown  lap=0.000
  90/716  [fabricated] fake_118  answer=unknown  lap=0.000
  91/716  [fabricated] fake_120  answer=unknown  lap=0.000
  92/716  [fabricated] fake_119  answer=unknown  lap=0.000
  93/716  [fabricated] fake_127  answer=unknown  lap=0.000
  94/716  [fabricated] fake_129  answer=unknown  lap=0.000
  95/716  [fabricated] fake_124  answer=unknown  lap=0.000
  96/716  [fabricated] fake_122  answer=unknown  lap=0.000
  97/716  [fabricated] fake_128  answer=unknown  lap=0.000
  98/716  [fabricated] fake_123  answer=unknown  lap=0.000
  99/716  [fabricated] fake_130  answer=unknown  lap=0.000
  100/716  [fabricated] fake_125  answer=unknown  lap=0.000
  101/716  [fabricated] fake_126  answer=unknown  lap=0.000
  102/716  [fabricated] fake_135  answer=unknown  lap=0.000
  103/716  [fabricated] fake_131  answer=unknown  lap=0.000
  104/716  [fabricated] fake_132  answer=unknown  lap=0.000
  105/716  [fabricated] fake_140  answer=unknown  lap=0.000
  106/716  [fabricated] fake_137  answer=unknown  lap=0.000
  107/716  [fabricated] fake_136  answer=unknown  lap=0.000
  108/716  [fabricated] fake_138  answer=unknown  lap=0.000
  109/716  [fabricated] fake_134  answer=unknown  lap=0.000
  110/716  [fabricated] fake_139  answer=unknown  lap=0.000
  111/716  [fabricated] fake_141  answer=unknown  lap=0.000
  112/716  [fabricated] fake_145  answer=unknown  lap=0.000
  113/716  [fabricated] fake_133  answer=unknown  lap=0.000
  114/716  [fabricated] fake_144  answer=unknown  lap=0.000
  115/716  [fabricated] fake_146  answer=unknown  lap=0.000
  116/716  [fabricated] fake_148  answer=unknown  lap=0.000
  117/716  [fabricated] fake_147  answer=unknown  lap=0.000
  118/716  [fabricated] fake_142  answer=unknown  lap=0.000
  119/716  [fabricated] fake_143  answer=unknown  lap=0.000
  120/716  [wrong_year] rkxNelrKPB  answer=accepted  lap=1.000
  121/716  [wrong_year] Syl-_aVtvH  answer=unknown  lap=0.000
  122/716  [fabricated] fake_149  answer=unknown  lap=0.000
  123/716  [wrong_year] HJf7ts0cFm  answer=accepted  lap=1.000
  124/716  [wrong_year] HkgrZ0EYwB  answer=unknown  lap=0.000
  125/716  [wrong_year] ryxAY34YwB  answer=accepted  lap=1.000
  126/716  [wrong_year] HkeyZhC9F7  answer=unknown  lap=0.000
  127/716  [wrong_year] SkfNU2e0Z  answer=unknown  lap=0.000
  128/716  [wrong_year] H1lK_lBtvS  answer=unknown  lap=0.000
  129/716  [wrong_year] SJD8YjCpW  answer=unknown  lap=0.000
  130/716  [wrong_year] ryOG3fWCW  answer=accepted  lap=1.000
  131/716  [wrong_year] SySisz-CW  answer=unknown  lap=0.000
  132/716  [wrong_year] BJj6qGbRW  answer=unknown  lap=0.000
  133/716  [wrong_year] S1gTAp4FDB  answer=unknown  lap=0.000
  134/716  [wrong_year] S1xJ4JHFvS  answer=unknown  lap=0.000
  135/716  [wrong_year] H1VjBebR-  answer=unknown  lap=0.000
  136/716  [wrong_year] S1xqRTNtDr  answer=unknown  lap=0.000
  137/716  [wrong_year] SJl2ps0qKQ  answer=unknown  lap=0.000
  138/716  [wrong_year] HJUOHGWRb  answer=unknown  lap=0.000
  139/716  [wrong_year] SyxdC6NKwH  answer=unknown  lap=0.000
  140/716  [wrong_year] BkUDW_lCb  answer=unknown  lap=0.000
  141/716  [wrong_year] H1e-X64FDB  answer=unknown  lap=0.000
  142/716  [wrong_year] SyepHTNFDS  answer=accepted  lap=1.000
  143/716  [wrong_year] SkgQwpVYwH  answer=unknown  lap=0.000
  144/716  [wrong_year] B1fysiAqK7  answer=unknown  lap=0.000
  145/716  [wrong_year] r1YUtYx0-  answer=unknown  lap=0.000
  146/716  [wrong_year] BJzbG20cFQ  answer=unknown  lap=0.000
  147/716  [wrong_year] SJl8gnAqtX  answer=unknown  lap=0.000
  148/716  [wrong_year] rkHVZWZAZ  answer=unknown  lap=0.000
  149/716  [wrong_year] SkejkR4KDr  answer=unknown  lap=0.000
  150/716  [wrong_year] ryeyti0qKX  answer=unknown  lap=0.000
  151/716  [wrong_year] BkgMbCVFvr  answer=unknown  lap=0.000
  152/716  [wrong_year] r1l1myStwr  answer=unknown  lap=0.000
  153/716  [wrong_year] HkgFDgSYPH  answer=unknown  lap=0.000
  154/716  [wrong_year] rydeCEhs-  answer=accepted  lap=1.000
  155/716  [wrong_year] HJlTpCEKvS  answer=unknown  lap=0.000
  156/716  [wrong_year] SylPMnR9Ym  answer=unknown  lap=0.000
  157/716  [wrong_year] H1z-PsR5KX  answer=unknown  lap=0.000
  158/716  [wrong_year] rybAWfx0b  answer=accepted  lap=1.000
  159/716  [wrong_year] BylkG20qYm  answer=unknown  lap=0.000
  160/716  [wrong_year] SJeItTEKvr  answer=unknown  lap=0.000
  161/716  [wrong_year] HkzyX3CcFQ  answer=unknown  lap=0.000
  162/716  [wrong_year] S1GDXzb0b  answer=unknown  lap=0.000
  163/716  [wrong_year] SJgob6NKvH  answer=accepted  lap=1.000
  164/716  [wrong_year] SJeFNoRcFQ  answer=unknown  lap=0.000
  165/716  [wrong_year] r1zOg309tX  answer=unknown  lap=0.000
  166/716  [wrong_year] rJg8TeSFDH  answer=unknown  lap=0.000
  167/716  [wrong_year] BygSZAVKvr  answer=unknown  lap=0.000
  168/716  [wrong_year] BygIV2CcKm  answer=unknown  lap=0.000
  169/716  [wrong_year] BJxbOlSKPr  answer=accepted  lap=1.000
  170/716  [wrong_year] SJMeTo09YQ  answer=unknown  lap=0.000
  171/716  [wrong_year] HkbJTYyAb  answer=unknown  lap=0.000
  172/716  [wrong_year] SygONjRqKm  answer=unknown  lap=0.000
  173/716  [wrong_year] ByxPYjC5KQ  answer=unknown  lap=0.000
  174/716  [wrong_year] r1iuQjxCZ  answer=unknown  lap=0.000
  175/716  [wrong_year] HJgFW6EKvH  answer=unknown  lap=0.000
  176/716  [wrong_year] rylV-2C9KQ  answer=accepted  lap=1.000
  177/716  [wrong_year] B1EPYJ-C-  answer=unknown  lap=0.000
  178/716  [wrong_year] SJdCUMZAW  answer=unknown  lap=0.000
  179/716  [wrong_year] BJeuKnEtDH  answer=unknown  lap=0.000
  180/716  [wrong_year] SkeyppEFvS  answer=accepted  lap=1.000
  181/716  [wrong_year] ryx0nnEKwH  answer=unknown  lap=0.000
  182/716  [wrong_year] HygiDTVKPr  answer=unknown  lap=0.000
  183/716  [wrong_year] SJl3h2EYvS  answer=accepted  lap=1.000
  184/716  [wrong_year] r1eVX0EFvH  answer=accepted  lap=1.000
  185/716  [wrong_year] r1la7krKPS  answer=unknown  lap=0.000
  186/716  [wrong_year] Hye4KeSYDr  answer=unknown  lap=0.000
  187/716  [wrong_year] Syxp-1HtvB  answer=unknown  lap=0.000
  188/716  [wrong_year] BkN_r2lR-  answer=unknown  lap=0.000
  189/716  [wrong_year] HygrAR4tPS  answer=unknown  lap=0.000
  190/716  [wrong_year] B1xWcj0qYm  answer=unknown  lap=0.000
  191/716  [wrong_year] SkgTR3VFvH  answer=unknown  lap=0.000
  192/716  [wrong_year] ryxepo0cFX  answer=accepted  lap=1.000
  193/716  [wrong_year] rJgVwTVtvS  answer=accepted  lap=1.000
  194/716  [wrong_year] ByeL1R4FvS  answer=unknown  lap=0.000
  195/716  [wrong_year] rJxNAjC5F7  answer=unknown  lap=0.000
  196/716  [wrong_year] rJSr0GZR-  answer=unknown  lap=0.000
  197/716  [wrong_year] BkfPnoActQ  answer=unknown  lap=0.000
  198/716  [wrong_year] SkghN205KQ  answer=accepted  lap=1.000
  199/716  [wrong_year] ryepFJbA-  answer=unknown  lap=0.000
  200/716  [wrong_year] S1ly2grtvB  answer=unknown  lap=0.000
  201/716  [wrong_year] BJg7x1HFvB  answer=accepted  lap=1.000
  202/716  [wrong_year] HylKvyHYwS  answer=unknown  lap=0.000
  203/716  [wrong_year] SkxlElBYDS  answer=unknown  lap=0.000
  204/716  [wrong_year] HyN-ZvlC-  answer=unknown  lap=0.000
  205/716  [wrong_year] HygUOoC5KX  answer=unknown  lap=0.000
  206/716  [wrong_year] BkesJ3R9YX  answer=unknown  lap=0.000
  207/716  [wrong_year] BkLhaGZRW  answer=unknown  lap=0.000
  208/716  [wrong_year] rkTS8lZAb  answer=unknown  lap=0.000
  209/716  [wrong_year] SJetQpEYvB  answer=unknown  lap=0.000
  210/716  [wrong_year] Bke_DertPB  answer=unknown  lap=0.000
  211/716  [wrong_year] BklpOo09tQ  answer=unknown  lap=0.000
  212/716  [wrong_year] HJgzpgrYDr  answer=unknown  lap=0.000
  213/716  [wrong_year] Hyp3i2xRb  answer=unknown  lap=0.000
  214/716  [wrong_year] HJlvCR4KDS  answer=unknown  lap=0.000
  215/716  [wrong_year] HJxf53EtDr  answer=unknown  lap=0.000
  216/716  [wrong_year] BygacxrFwS  answer=unknown  lap=0.000
  217/716  [wrong_year] H1gx3kSKPS  answer=accepted  lap=1.000
  218/716  [wrong_year] S1eK3i09YQ  answer=accepted  lap=1.000
  219/716  [wrong_year] ByGq7hRqKX  answer=unknown  lap=0.000
  220/716  [wrong_year] r1gRTCVFvB  answer=accepted  lap=1.000
  221/716  [wrong_year] SJxWS64FwH  answer=unknown  lap=0.000
  222/716  [wrong_year] B1xFxh0cKX  answer=rejected  lap=1.000
  223/716  [wrong_year] B1eyA3VFwS  answer=unknown  lap=0.000
  224/716  [wrong_year] SyBBgXWAZ  answer=unknown  lap=0.000
  225/716  [wrong_year] r1VVsebAZ  answer=unknown  lap=0.000
  226/716  [wrong_year] HklkeR4KPB  answer=accepted  lap=1.000
  227/716  [wrong_year] rJl4BsR5KX  answer=unknown  lap=0.000
  228/716  [wrong_year] rkxZyaNtwB  answer=unknown  lap=0.000
  229/716  [wrong_year] H1U_af-0-  answer=accepted  lap=1.000
  230/716  [wrong_year] H196sainb  answer=unknown  lap=0.000
  231/716  [wrong_year] S1eQuCVFvB  answer=accepted  lap=1.000
  232/716  [wrong_year] SJe3HiC5KX  answer=accepted  lap=1.000
  233/716  [wrong_year] Bkel6ertwS  answer=unknown  lap=0.000
  234/716  [wrong_year] B1x8anVFPr  answer=rejected  lap=1.000
  235/716  [wrong_year] BJeB5hVtvB  answer=unknown  lap=0.000
  236/716  [wrong_year] Syjha0gAZ  answer=unknown  lap=0.000
  237/716  [wrong_year] ry4SNTe0-  answer=unknown  lap=0.000
  238/716  [wrong_year] H1leCRNYvS  answer=unknown  lap=0.000
  239/716  [wrong_year] H1ervR4FwH  answer=unknown  lap=0.000
  240/716  [wrong_year] SkVRTj0cYQ  answer=unknown  lap=0.000
  241/716  [wrong_year] SygQvs0cFQ  answer=unknown  lap=0.000
  242/716  [wrong_year] SklM1xStPB  answer=accepted  lap=1.000
  243/716  [wrong_year] Byg-wJSYDS  answer=unknown  lap=0.000
  244/716  [wrong_year] BJGfCjA5FX  answer=unknown  lap=0.000
  245/716  [wrong_year] SkJd_y-Cb  answer=unknown  lap=0.000
  246/716  [wrong_year] HyTrSegCb  answer=unknown  lap=0.000
  247/716  [wrong_year] BJ4BVhRcYX  answer=unknown  lap=0.000
  248/716  [wrong_year] Sy1f0e-R-  answer=unknown  lap=0.000
  249/716  [wrong_year] Bke13pVKPS  answer=unknown  lap=0.000
  250/716  [wrong_year] Hkeh21BKPH  answer=unknown  lap=0.000
  251/716  [wrong_year] B1zlp1bRW  answer=unknown  lap=0.000
  252/716  [wrong_year] r1xHxgrKwr  answer=unknown  lap=0.000
  253/716  [wrong_year] HJjvxl-Cb  answer=accepted  lap=1.000
  254/716  [wrong_year] rJeU_1SFvr  answer=unknown  lap=0.000
  255/716  [wrong_year] BJxVI04YvB  answer=unknown  lap=0.000
  256/716  [wrong_year] rJl63fZRb  answer=unknown  lap=0.000
  257/716  [wrong_year] HkgMxkHtPH  answer=unknown  lap=0.000
  258/716  [wrong_year] BJeS62EtwH  answer=unknown  lap=0.000
  259/716  [wrong_year] SkluFgrFwH  answer=unknown  lap=0.000
  260/716  [wrong_year] HygegyrYwH  answer=unknown  lap=0.000
  261/716  [wrong_year] SyNbRj09Y7  answer=unknown  lap=0.000
  262/716  [wrong_year] ryeEr0EFvS  answer=unknown  lap=0.000
  263/716  [wrong_year] HJeYSxHFDS  answer=accepted  lap=1.000
  264/716  [wrong_year] Syejj0NYvr  answer=unknown  lap=0.000
  265/716  [wrong_year] rkgg6xBYDH  answer=unknown  lap=0.000
  266/716  [wrong_year] rJgD2ySFDr  answer=unknown  lap=0.000
  267/716  [wrong_year] BJlITC4KDB  answer=accepted  lap=1.000
  268/716  [wrong_year] Byxv2pEKPH  answer=unknown  lap=0.000
  269/716  [wrong_year] rJJzTyWCZ  answer=unknown  lap=0.000
  270/716  [wrong_year] ry_WPG-A-  answer=accepted  lap=1.000
  271/716  [wrong_year] rJ3fy0k0Z  answer=unknown  lap=0.000
  272/716  [wrong_year] r1xF7lSYDS  answer=unknown  lap=0.000
  273/716  [wrong_year] Sye7qoC5FQ  answer=unknown  lap=0.000
  274/716  [wrong_year] ryxmb1rKDS  answer=unknown  lap=0.000
  275/716  [wrong_year] HkgU3xBtDS  answer=unknown  lap=0.000
  276/716  [wrong_year] H1xk8jAqKQ  answer=unknown  lap=0.000
  277/716  [wrong_year] S1lKSjRcY7  answer=unknown  lap=0.000
  278/716  [wrong_year] SJeLO34KwS  answer=unknown  lap=0.000
  279/716  [wrong_year] SyxMWh09KX  answer=unknown  lap=0.000
  280/716  [wrong_year] SkMuPjRcKQ  answer=unknown  lap=0.000
  281/716  [wrong_year] Syld53NtvH  answer=unknown  lap=0.000
  282/716  [wrong_year] SJem8lSFwB  answer=unknown  lap=0.000
  283/716  [wrong_year] rJgJDAVKvB  answer=unknown  lap=0.000
  284/716  [wrong_year] HyxjOyrKvr  answer=unknown  lap=0.000
  285/716  [wrong_year] SJxjPxSYDH  answer=unknown  lap=0.000
  286/716  [wrong_year] B1eXygBFPH  answer=unknown  lap=0.000
  287/716  [wrong_year] S1lslCEYPB  answer=unknown  lap=0.000
  288/716  [wrong_year] SJtfOEn6-  answer=unknown  lap=0.000
  289/716  [wrong_year] HJeRkh05Km  answer=unknown  lap=0.000
  290/716  [wrong_year] SkgOzlrKvH  answer=unknown  lap=0.000
  291/716  [wrong_year] ByQZjx-0-  answer=accepted  lap=1.000
  292/716  [wrong_year] r1GbfhRqF7  answer=unknown  lap=0.000
  293/716  [wrong_year] ByMVTsR5KQ  answer=unknown  lap=0.000
  294/716  [wrong_year] HkgmzhC5F7  answer=unknown  lap=0.000
  295/716  [wrong_year] S1D8MPxA-  answer=unknown  lap=0.000
  296/716  [wrong_year] Syx72jC9tm  answer=unknown  lap=0.000
  297/716  [wrong_year] rJg8yhAqKm  answer=unknown  lap=0.000
  298/716  [wrong_year] r1gfQgSFDr  answer=unknown  lap=0.000
  299/716  [wrong_year] S1v4N2l0-  answer=accepted  lap=1.000
  300/716  [wrong_year] BJe55gBtvH  answer=unknown  lap=0.000
  301/716  [wrong_year] r1DPFCyA-  answer=unknown  lap=0.000
  302/716  [wrong_year] rygRP2VYwB  answer=unknown  lap=0.000
  303/716  [wrong_year] S1Y7OOlRZ  answer=unknown  lap=0.000
  304/716  [wrong_year] HkgbKaEtvB  answer=unknown  lap=0.000
  305/716  [wrong_year] HJYoqzbC-  answer=unknown  lap=0.000
  306/716  [wrong_year] Skx5txzb0W  answer=unknown  lap=0.000
  307/716  [wrong_year] rkxgHerKvH  answer=unknown  lap=0.000
  308/716  [wrong_year] BJgRDjR9tQ  answer=unknown  lap=0.000
  309/716  [wrong_year] ByxxgCEYDS  answer=unknown  lap=0.000
  310/716  [wrong_year] SJlPOCEKvH  answer=unknown  lap=0.000
  311/716  [wrong_year] ryGs6iA5Km  answer=accepted  lap=1.000
  312/716  [wrong_year] rJe5_CNtPB  answer=unknown  lap=0.000
  313/716  [wrong_year] SJlJegHFvH  answer=rejected  lap=1.000
  314/716  [wrong_year] B1lLw6EYwB  answer=unknown  lap=0.000
  315/716  [wrong_year] H1gz_nNYDS  answer=accepted  lap=1.000
  316/716  [wrong_year] ByGUFsAqYm  answer=accepted  lap=1.000
  317/716  [wrong_year] HyxnZh0ct7  answer=unknown  lap=0.000
  318/716  [wrong_year] rkeZIJBYvr  answer=unknown  lap=0.000
  319/716  [wrong_year] HyzbhfWRW  answer=unknown  lap=0.000
  320/716  [wrong_year] H1MczcgR-  answer=unknown  lap=0.000
  321/716  [wrong_year] BkxFi2VYvS  answer=unknown  lap=0.000
  322/716  [wrong_year] SJexHkSFPS  answer=unknown  lap=0.000
  323/716  [wrong_year] B1G9doA9F7  answer=unknown  lap=0.000
  324/716  [wrong_year] SJGvns0qK7  answer=unknown  lap=0.000
  325/716  [wrong_year] rJqfKPJ0Z  answer=unknown  lap=0.000
  326/716  [wrong_year] S1XolQbRW  answer=unknown  lap=0.000
  327/716  [wrong_year] HyMnYiR9Y7  answer=unknown  lap=0.000
  328/716  [wrong_year] HyRnez-RW  answer=unknown  lap=0.000
  329/716  [wrong_year] ryxOUTVYDH  answer=unknown  lap=0.000
  330/716  [wrong_year] H1ggKyrYwB  answer=unknown  lap=0.000
  331/716  [wrong_year] rJMcdsA5FX  answer=unknown  lap=0.000
  332/716  [wrong_year] ryA-jdlA-  answer=rejected  lap=1.000
  333/716  [wrong_year] rJxG3pVKPB  answer=rejected  lap=1.000
  334/716  [wrong_year] rkeuAhVKvB  answer=unknown  lap=0.000
  335/716  [wrong_year] HyGcghRct7  answer=unknown  lap=0.000
  336/716  [wrong_year] Hyxfs1SYwH  answer=unknown  lap=0.000
  337/716  [wrong_year] Bklr3j0cKX  answer=unknown  lap=0.000
  338/716  [wrong_year] BkePHaVKwS  answer=unknown  lap=0.000
  339/716  [wrong_year] HyxWteSFwS  answer=unknown  lap=0.000
  340/716  [wrong_year] SJxTZeHFPH  answer=unknown  lap=0.000
  341/716  [wrong_year] B1e-kxSKDH  answer=unknown  lap=0.000
  342/716  [wrong_year] ryewE3R5YX  answer=rejected  lap=1.000
  343/716  [wrong_year] r1gBOxSFwr  answer=unknown  lap=0.000
  344/716  [wrong_year] SkeFl1HKwr  answer=unknown  lap=0.000
  345/716  [wrong_year] S1x2aiRqFX  answer=unknown  lap=0.000
  346/716  [wrong_year] BkzeUiRcY7  answer=unknown  lap=0.000
  347/716  [wrong_year] S17mtzbRb  answer=accepted  lap=1.000
  348/716  [wrong_year] Hkn7CBaTW  answer=unknown  lap=0.000
  349/716  [wrong_year] SyedHyBFwS  answer=unknown  lap=0.000
  350/716  [wrong_year] S1eWbkSFPS  answer=unknown  lap=0.000
  351/716  [wrong_year] r1gVqsA9tQ  answer=unknown  lap=0.000
  352/716  [wrong_year] Syx9Q1rYvH  answer=unknown  lap=0.000
  353/716  [wrong_year] Hylnis0qKX  answer=unknown  lap=0.000
  354/716  [wrong_year] HyxPx3R9tm  answer=accepted  lap=1.000
  355/716  [wrong_year] B1xwv1StvS  answer=unknown  lap=0.000
  356/716  [wrong_year] SyxCqGbRZ  answer=unknown  lap=0.000
  357/716  [wrong_year] H1fU8iAqKX  answer=unknown  lap=0.000
  358/716  [wrong_year] rkgfdeBYvH  answer=unknown  lap=0.000
  359/716  [wrong_year] HkgH0TEYwH  answer=unknown  lap=0.000
  360/716  [wrong_year] HJxMYANtPH  answer=unknown  lap=0.000
  361/716  [wrong_year] B1xRGkHYDS  answer=unknown  lap=0.000
  362/716  [wrong_year] BJg73xHtvr  answer=unknown  lap=0.000
  363/716  [wrong_year] H1gXzxHKvH  answer=unknown  lap=0.000
  364/716  [wrong_year] HkxlcnVFwB  answer=accepted  lap=1.000
  365/716  [wrong_year] B1eZRiC9YX  answer=unknown  lap=0.000
  366/716  [wrong_year] B1x6w0EtwH  answer=unknown  lap=0.000
  367/716  [wrong_year] B1gqipNYwH  answer=unknown  lap=0.000
  368/716  [wrong_year] rJfUCoR5KX  answer=unknown  lap=0.000
  369/716  [wrong_year] HJlRFlHFPS  answer=unknown  lap=0.000
  370/716  [wrong_year] SygInj05Fm  answer=unknown  lap=0.000
  371/716  [wrong_year] rygZJ2RcF7  answer=unknown  lap=0.000
  372/716  [wrong_year] ByglLlHFDS  answer=accepted  lap=1.000
  373/716  [wrong_year] rJg76kStwH  answer=unknown  lap=0.000
  374/716  [wrong_year] HklvMJSYPB  answer=unknown  lap=0.000
  375/716  [wrong_year] S1e__ANKvB  answer=unknown  lap=0.000
  376/716  [wrong_year] S1zk9iRqF7  answer=accepted  lap=1.000
  377/716  [wrong_year] HkGGfhC5Y7  answer=unknown  lap=0.000
  378/716  [wrong_year] Bkgwp3NtDH  answer=unknown  lap=0.000
  379/716  [wrong_year] S1x4ghC9tQ  answer=unknown  lap=0.000
  380/716  [wrong_year] BJl6AjC5F7  answer=unknown  lap=0.000
  381/716  [wrong_year] H1V4QhAqYQ  answer=unknown  lap=0.000
  382/716  [wrong_year] Skj8Kag0Z  answer=unknown  lap=0.000
  383/716  [wrong_year] rkxDon4Yvr  answer=unknown  lap=0.000
  384/716  [wrong_year] rJFOptp6Z  answer=unknown  lap=0.000
  385/716  [wrong_year] BJxiqxSYPB  answer=unknown  lap=0.000
  386/716  [wrong_year] Byx_YAVYPH  answer=accepted  lap=1.000
  387/716  [wrong_year] BJxGan4FPB  answer=unknown  lap=0.000
  388/716  [wrong_year] BJeWVpNtwr  answer=unknown  lap=0.000
  389/716  [wrong_year] r1gIdySFPH  answer=accepted  lap=1.000
  390/716  [wrong_year] B1eSg3C9Ym  answer=accepted  lap=1.000
  391/716  [wrong_year] HJlQ96EtPr  answer=accepted  lap=1.000
  392/716  [wrong_year] HyeG9yHKPr  answer=unknown  lap=0.000
  393/716  [wrong_year] SkglVlSFPS  answer=unknown  lap=0.000
  394/716  [wrong_year] SkeJ6iR9Km  answer=unknown  lap=0.000
  395/716  [wrong_year] B1hYRMbCW  answer=unknown  lap=0.000
  396/716  [wrong_year] SkgGjRVKDS  answer=rejected  lap=1.000
  397/716  [wrong_year] HkMwHsCctm  answer=unknown  lap=0.000
  398/716  [wrong_year] HyxhqhVKPB  answer=accepted  lap=1.000
  399/716  [wrong_year] HJsjkMb0Z  answer=unknown  lap=0.000
  400/716  [wrong_year] Syxt5oC5YQ  answer=unknown  lap=0.000
  401/716  [wrong_year] ByxBFsRqYm  answer=accepted  lap=1.000
  402/716  [wrong_year] Hk0wHx-RW  answer=unknown  lap=0.000
  403/716  [wrong_year] ByW5yxgA-  answer=unknown  lap=0.000
  404/716  [wrong_year] SJl3CANKvB  answer=unknown  lap=0.000
  405/716  [wrong_year] SkxaueHFPB  answer=unknown  lap=0.000
  406/716  [wrong_year] SylUzpNFDS  answer=accepted  lap=1.000
  407/716  [wrong_year] BJeFQ0NtPS  answer=unknown  lap=0.000
  408/716  [wrong_year] Bki1Ct1AW  answer=unknown  lap=0.000
  409/716  [wrong_year] ryg8wpEtvB  answer=unknown  lap=0.000
  410/716  [wrong_year] B1eiJyrtDB  answer=unknown  lap=0.000
  411/716  [wrong_year] rJgqMRVYvr  answer=unknown  lap=0.000
  412/716  [wrong_year] B1lnbRNtwr  answer=unknown  lap=0.000
  413/716  [wrong_year] Hk4fpoA5Km  answer=unknown  lap=0.000
  414/716  [wrong_year] BJg1fgBYwH  answer=unknown  lap=0.000
  415/716  [wrong_year-1] B1xoserKPH  answer=unknown  lap=0.000
  416/716  [wrong_year-1] BJG0voC9YQ  answer=accepted  lap=1.000
  417/716  [wrong_year-1] S1eFtj0cKQ  answer=unknown  lap=0.000
  418/716  [wrong_year-1] B1hcZZ-AW  answer=unknown  lap=0.000
  419/716  [wrong_year] B1eXbn05t7  answer=unknown  lap=0.000
  420/716  [wrong_year-1] BkVf1AeAZ  answer=accepted  lap=1.000
  421/716  [wrong_year-1] SJzYdsAqY7  answer=unknown  lap=0.000
  422/716  [wrong_year-1] Hkx3ElHYwS  answer=unknown  lap=0.000
  423/716  [wrong_year-1] rywDjg-RW  answer=unknown  lap=0.000
  424/716  [wrong_year-1] BkE8NjCqYm  answer=accepted  lap=1.000
  425/716  [wrong_year] HkgnpiR9Y7  answer=unknown  lap=0.000
  426/716  [wrong_year-1] BJlXgkHYvS  answer=unknown  lap=0.000
  427/716  [wrong_year-1] Ske9VANKDH  answer=rejected  lap=1.000
  428/716  [wrong_year-1] ry4S90l0b  answer=unknown  lap=0.000
  429/716  [wrong_year-1] HylZIT4Yvr  answer=unknown  lap=0.000
  430/716  [wrong_year-1] Byx9p2EtDH  answer=unknown  lap=0.000
  431/716  [wrong_year-1] S1gd7nCcF7  answer=unknown  lap=0.000
  432/716  [wrong_year-1] BJgYl205tQ  answer=rejected  lap=1.000
  433/716  [wrong_year-1] Skg9aAEKwH  answer=accepted  lap=1.000
  434/716  [wrong_year-1] HJePRoAct7  answer=unknown  lap=0.000
  435/716  [wrong_year-1] HylAoJSKvH  answer=unknown  lap=0.000
  436/716  [wrong_year-1] rkgK3oC5Fm  answer=accepted  lap=1.000
  437/716  [wrong_year-1] Hk6kPgZA-  answer=unknown  lap=0.000
  438/716  [wrong_year-1] Hyez1CVYvr  answer=unknown  lap=0.000
  439/716  [wrong_year-1] SyxM51BYPB  answer=unknown  lap=0.000
  440/716  [wrong_year-1] r1AMITFaW  answer=unknown  lap=0.000
  441/716  [wrong_year-1] HyeEIyBtvr  answer=unknown  lap=0.000
  442/716  [wrong_year-1] r1gIa0NtDH  answer=unknown  lap=0.000
  443/716  [wrong_year-1] ryGgSsAcFQ  answer=unknown  lap=0.000
  444/716  [wrong_year-1] SkeuipVKDH  answer=rejected  lap=1.000
  445/716  [wrong_year-1] ryGvcoA5YX  answer=unknown  lap=0.000
  446/716  [wrong_year-1] S1ANxQW0b  answer=unknown  lap=0.000
  447/716  [wrong_year-1] H1wt9x-RW  answer=unknown  lap=0.000
  448/716  [wrong_year-1] rkxJus0cFX  answer=accepted  lap=1.000
  449/716  [wrong_year-1] S1gEIerYwH  answer=unknown  lap=0.000
  450/716  [wrong_year-1] rkQkBnJAb  answer=unknown  lap=0.000
  451/716  [wrong_year-1] S1g6xeSKDS  answer=unknown  lap=0.000
  452/716  [wrong_year-1] rkgdYhVtvH  answer=unknown  lap=0.000
  453/716  [wrong_year-1] rkx-wA4YPS  answer=unknown  lap=0.000
  454/716  [wrong_year-1] H1gh_sC9tm  answer=unknown  lap=0.000
  455/716  [wrong_year-1] Sy5OAyZC-  answer=unknown  lap=0.000
  456/716  [wrong_year-1] r1eVMnA9K7  answer=unknown  lap=0.000
  457/716  [wrong_year-1] ByxkijC5FQ  answer=unknown  lap=0.000
  458/716  [wrong_year-1] Bkeb7lHtvH  answer=unknown  lap=0.000
  459/716  [wrong_year-1] ryALZdAT-  answer=unknown  lap=0.000
  460/716  [wrong_year-1] SklVI1HKvH  answer=unknown  lap=0.000
  461/716  [wrong_year-1] rkxn7nR5KX  answer=unknown  lap=0.000
  462/716  [wrong_year-1] Hyg74h05tX  answer=unknown  lap=0.000
  463/716  [wrong_year-1] H1fF0iR9KX  answer=rejected  lap=1.000
  464/716  [wrong_year-1] SJf6BhAqK7  answer=unknown  lap=0.000
  465/716  [wrong_year-1] SylR-CEKDS  answer=unknown  lap=0.000
  466/716  [wrong_year-1] rkgbwsAcYm  answer=unknown  lap=0.000
  467/716  [wrong_year-1] S1lDV3RcKm  answer=unknown  lap=0.000
  468/716  [wrong_year-1] SkeWc2EKPH  answer=unknown  lap=0.000
  469/716  [wrong_year-1] SJeLopEYDH  answer=unknown  lap=0.000
  470/716  [wrong_year-1] Byxl-04KvH  answer=unknown  lap=0.000
  471/716  [wrong_year-1] r1znKiAcY7  answer=unknown  lap=0.000
  472/716  [wrong_year-1] Syx1DkSYwB  answer=unknown  lap=0.000
  473/716  [wrong_year-1] Skl1HCNKDr  answer=unknown  lap=0.000
  474/716  [wrong_year-1] BJMvBjC5YQ  answer=unknown  lap=0.000
  475/716  [wrong_year-1] rypT3fb0b  answer=unknown  lap=0.000
  476/716  [wrong_year-1] r1QZ3zbAZ  answer=unknown  lap=0.000
  477/716  [wrong_year-1] rJxXDsCqYX  answer=unknown  lap=0.000
  478/716  [wrong_year-1] rJxug2R9Km  answer=unknown  lap=0.000
  479/716  [wrong_year-1] HyIFzx-0b  answer=unknown  lap=0.000
  480/716  [wrong_year-1] ryZ283gAZ  answer=unknown  lap=0.000
  481/716  [wrong_year-1] rJg3zxBYwH  answer=unknown  lap=0.000
  482/716  [wrong_year-1] rJl2E3AcF7  answer=unknown  lap=0.000
  483/716  [wrong_year-1] r1gPoCEKvH  answer=unknown  lap=0.000
  484/716  [wrong_year-1] BJesDsA9t7  answer=unknown  lap=0.000
  485/716  [wrong_year-1] rJzLciCqKm  answer=unknown  lap=0.000
  486/716  [wrong_year-1] ryxOIsA5FQ  answer=unknown  lap=0.000
  487/716  [wrong_year-1] H1gEP6NFwr  answer=unknown  lap=0.000
  488/716  [wrong_year-1] HygcvsAcFX  answer=accepted  lap=1.000
  489/716  [wrong_year-1] HyZoi-WRb  answer=accepted  lap=1.000
  490/716  [wrong_year-1] HkeJVllRW  answer=unknown  lap=0.000
  491/716  [wrong_year-1] rk3pnae0b  answer=unknown  lap=0.000
  492/716  [wrong_year-1] HkG3e205K7  answer=unknown  lap=0.000
  493/716  [wrong_year-1] rJl0r3R9KX  answer=unknown  lap=0.000
  494/716  [wrong_year-1] HyxzRsR9Y7  answer=unknown  lap=0.000
  495/716  [wrong_year-1] HJlF3h4FvB  answer=unknown  lap=0.000
  496/716  [wrong_year-1] HJGXzmspb  answer=unknown  lap=0.000
  497/716  [wrong_year-1] SkHkeixAW  answer=unknown  lap=0.000
  498/716  [wrong_year-1] HJeg46EKPr  answer=unknown  lap=0.000
  499/716  [wrong_year-1] HyexAiA5Fm  answer=unknown  lap=0.000
  500/716  [wrong_year-1] ryxHii09KQ  answer=accepted  lap=1.000
  501/716  [wrong_year-1] ryBnUWb0b  answer=unknown  lap=0.000
  502/716  [wrong_year-1] HJxhWa4KDr  answer=unknown  lap=0.000
  503/716  [wrong_year-1] rJguRyBYvr  answer=unknown  lap=0.000
  504/716  [wrong_year-1] SyeZIkrKwS  answer=unknown  lap=0.000
  505/716  [wrong_year-1] SylUiREKvB  answer=unknown  lap=0.000
  506/716  [wrong_year-1] HJewxlHFwH  answer=unknown  lap=0.000
  507/716  [wrong_year-1] r1kjEuHpZ  answer=unknown  lap=0.000
  508/716  [wrong_year-1] Bkxbrn0cYX  answer=unknown  lap=0.000
  509/716  [wrong_year-1] H1epaJSYDS  answer=accepted  lap=1.000
  510/716  [wrong_year-1] BJxhijAcY7  answer=accepted  lap=1.000
  511/716  [wrong_year-1] ryRh0bb0Z  answer=unknown  lap=0.000
  512/716  [wrong_year-1] B1Z3W-b0W  answer=unknown  lap=0.000
  513/716  [wrong_year-1] SylkzaEYPS  answer=unknown  lap=0.000
  514/716  [wrong_year-1] SJgndT4KwB  answer=unknown  lap=0.000
  515/716  [wrong_year-1] BJeWOi09FQ  answer=unknown  lap=0.000
  516/716  [wrong_year-1] Syx9rnRcYm  answer=unknown  lap=0.000
  517/716  [wrong_year-1] S1lTg3RcFm  answer=unknown  lap=0.000
  518/716  [wrong_year-1] r1VPNiA5Fm  answer=unknown  lap=0.000
  519/716  [wrong_year-1] H1l8sz-AW  answer=unknown  lap=0.000
  520/716  [wrong_year-1] SJeOAJStwB  answer=accepted  lap=1.000
  521/716  [wrong_year-1] ryxOBgBFPH  answer=unknown  lap=0.000
  522/716  [wrong_year-1] Syzn9i05Ym  answer=unknown  lap=0.000
  523/716  [wrong_year-1] HylsgnCcFQ  answer=unknown  lap=0.000
  524/716  [wrong_year-1] HklxbgBKvr  answer=unknown  lap=0.000
  525/716  [wrong_year-1] rJlYsn4YwS  answer=accepted  lap=1.000
  526/716  [wrong_year-1] S1lJv0VYDr  answer=unknown  lap=0.000
  527/716  [wrong_year-1] HJxB5sRcFQ  answer=unknown  lap=0.000
  528/716  [wrong_year-1] rJgFDnEYPr  answer=unknown  lap=0.000
  529/716  [wrong_year-1] r1lfga4KvS  answer=unknown  lap=0.000
  530/716  [wrong_year-1] rJx8ylSKvr  answer=unknown  lap=0.000
  531/716  [wrong_year-1] r1nmx5l0W  answer=unknown  lap=0.000
  532/716  [wrong_year-1] BkgzqRVFDr  answer=unknown  lap=0.000
  533/716  [wrong_year-1] S1lXnhVKPr  answer=unknown  lap=0.000
  534/716  [wrong_year-1] HygXkJHtvB  answer=unknown  lap=0.000
  535/716  [wrong_year-1] Hygv3xrtDr  answer=accepted  lap=1.000
  536/716  [wrong_year-1] H1lJws05K7  answer=unknown  lap=0.000
  537/716  [wrong_year-1] SJxIm0VtwH  answer=rejected  lap=1.000
  538/716  [wrong_year-1] HkxZVlHYvH  answer=unknown  lap=0.000
  539/716  [wrong_year-1] ryxnJlSKvr  answer=rejected  lap=1.000
  540/716  [wrong_year-1] Hk91SGWR-  answer=unknown  lap=0.000
  541/716  [wrong_year-1] rJeg7TEYwB  answer=unknown  lap=0.000
  542/716  [wrong_year-1] BJfOXnActQ  answer=unknown  lap=0.000
  543/716  [wrong_year-1] Syx_Ss05tm  answer=unknown  lap=0.000
  544/716  [wrong_year-1] HJ5AUm-CZ  answer=unknown  lap=0.000
  545/716  [wrong_year-1] H1lmyRNFvr  answer=unknown  lap=0.000
  546/716  [wrong_year-1] Hyg5TRNtDH  answer=unknown  lap=0.000
  547/716  [wrong_year-1] ByxoqJrtvr  answer=unknown  lap=0.000
  548/716  [wrong_year-1] Syeu8CNYvS  answer=unknown  lap=0.000
  549/716  [wrong_year-1] B1ltfgSYwS  answer=unknown  lap=0.000
  550/716  [wrong_year-1] SyKoKWbC-  answer=unknown  lap=0.000
  551/716  [wrong_year-1] BJlOcR4KwS  answer=unknown  lap=0.000
  552/716  [wrong_year-1] Sk2u1g-0-  answer=unknown  lap=0.000
  553/716  [wrong_year-1] r1l-VeSKwS  answer=rejected  lap=1.000
  554/716  [wrong_year-1] rJxqZkSFDB  answer=unknown  lap=0.000
  555/716  [wrong_year-1] rke_YiRct7  answer=unknown  lap=0.000
  556/716  [wrong_year-1] Hke_f0EYPH  answer=unknown  lap=0.000
  557/716  [wrong_year-1] SJzwvoCqF7  answer=unknown  lap=0.000
  558/716  [wrong_year-1] HJMCcjAcYX  answer=unknown  lap=0.000
  559/716  [wrong_year-1] BJlbo6VtDH  answer=unknown  lap=0.000
  560/716  [wrong_year-1] BkexaxBKPB  answer=unknown  lap=0.000
  561/716  [wrong_year-1] HyxFF34FPr  answer=accepted  lap=1.000
  562/716  [wrong_year-1] Syl-xpNtwS  answer=unknown  lap=0.000
  563/716  [wrong_year-1] rkenmREFDr  answer=accepted  lap=1.000
  564/716  [wrong_year-1] Syx5eT4KDS  answer=unknown  lap=0.000
  565/716  [wrong_year-1] Skl-fyHKPH  answer=unknown  lap=0.000
  566/716  [wrong_year-1] HJgK0h4Ywr  answer=unknown  lap=0.000
  567/716  [wrong_year-1] Syf9Q209YQ  answer=unknown  lap=0.000
  568/716  [wrong_year-1] H1lNPxHKDH  answer=unknown  lap=0.000
  569/716  [wrong_year-1] ryvxcPeAb  answer=unknown  lap=0.000
  570/716  [wrong_year-1] B1gR3ANFPS  answer=unknown  lap=0.000
  571/716  [wrong_year-1] B1lJzyStvS  answer=unknown  lap=0.000
  572/716  [wrong_year-1] B1lxH20qtX  answer=unknown  lap=0.000
  573/716  [wrong_year-1] HyH9lbZAW  answer=unknown  lap=0.000
  574/716  [wrong_year-1] B1esx6EYvr  answer=rejected  lap=1.000
  575/716  [wrong_year-1] r1e8qpVKPS  answer=unknown  lap=0.000
  576/716  [wrong_year-1] BylD9eSYPS  answer=unknown  lap=0.000
  577/716  [wrong_year-1] rke8ZhCcFQ  answer=unknown  lap=0.000
  578/716  [wrong_year-1] Syr8Qc1CW  answer=unknown  lap=0.000
  579/716  [wrong_year-1] H1Xw62kRZ  answer=unknown  lap=0.000
  580/716  [wrong_year-1] ryeUg0VFwr  answer=unknown  lap=0.169
  581/716  [wrong_year-1] H1e0-30qKm  answer=unknown  lap=0.000
  582/716  [wrong_year-1] rkl8dlHYvB  answer=unknown  lap=0.000
  583/716  [wrong_year-1] S1pWFzbAW  answer=unknown  lap=0.000
  584/716  [wrong_year-1] H1zeHnA9KX  answer=unknown  lap=0.000
  585/716  [wrong_year-1] Hkg4W2AcFm  answer=unknown  lap=0.000
  586/716  [wrong_year-1] SyerAiCqt7  answer=unknown  lap=0.000
  587/716  [wrong_year-1] rJe1y3CqtX  answer=unknown  lap=0.000
  588/716  [wrong_year-1] rkgQL6VFwr  answer=unknown  lap=0.000
  589/716  [wrong_year-1] ryzm6BATZ  answer=unknown  lap=0.000
  590/716  [wrong_year-1] HJeLBpEFPB  answer=unknown  lap=0.000
  591/716  [wrong_year-1] Byey7n05FQ  answer=unknown  lap=0.000
  592/716  [wrong_year-1] HJx4KjRqYQ  answer=unknown  lap=0.000
  593/716  [wrong_year-1] r1e9GCNKvH  answer=accepted  lap=1.000
  594/716  [wrong_year-1] SySaJ0xCZ  answer=unknown  lap=0.000
  595/716  [wrong_year-1] B1bgpzZAZ  answer=unknown  lap=0.000
  596/716  [wrong_year-1] SyW4Gjg0W  answer=unknown  lap=0.000
  597/716  [wrong_year-1] HklyMhCqYQ  answer=unknown  lap=0.000
  598/716  [wrong_year-1] BkQCGzZ0-  answer=unknown  lap=0.000
  599/716  [wrong_year-1] H1x9004YPr  answer=unknown  lap=0.000
  600/716  [wrong_year-1] BylJUTEKvB  answer=unknown  lap=0.000
  601/716  [wrong_year-1] HJxeWnCcF7  answer=unknown  lap=0.000
  602/716  [wrong_year-1] BkDB51WR-  answer=unknown  lap=0.000
  603/716  [wrong_year-1] HkgtJRVFPS  answer=rejected  lap=1.000
  604/716  [wrong_year-1] rJx1Na4Fwr  answer=rejected  lap=1.000
  605/716  [wrong_year-1] S1gV6AVKwB  answer=unknown  lap=0.000
  606/716  [wrong_year-1] BklKFo09YX  answer=unknown  lap=0.000
  607/716  [wrong_year-1] B17JTOe0-  answer=unknown  lap=0.000
  608/716  [wrong_year-1] H1z_Z2A5tX  answer=unknown  lap=0.000
  609/716  [wrong_year-1] rkg6PhNKDr  answer=unknown  lap=0.000
  610/716  [wrong_year-1] Skk3Jm96W  answer=unknown  lap=0.000
  611/716  [wrong_year-1] SkxcSpEKPS  answer=unknown  lap=0.000
  612/716  [wrong_year-1] H1g6kaVKvH  answer=unknown  lap=0.000
  613/716  [wrong_year-1] SyxYEoA5FX  answer=unknown  lap=0.000
  614/716  [wrong_year-1] rkhlb8lCZ  answer=unknown  lap=0.000
  615/716  [wrong_year-1] r1ge8sCqFX  answer=unknown  lap=0.000
  616/716  [wrong_year-1] HJeuOiRqKQ  answer=accepted  lap=1.000
  617/716  [wrong_year-1] BkCV_W-AZ  answer=unknown  lap=0.000
  618/716  [wrong_year-1] HJrJpzZRZ  answer=unknown  lap=0.000
  619/716  [wrong_year-1] ryxjnREFwH  answer=accepted  lap=1.000
  620/716  [wrong_year-1] BkxX30EFPS  answer=unknown  lap=0.000
  621/716  [wrong_year-1] H1lefTEKDS  answer=unknown  lap=0.000
  622/716  [wrong_year-1] SkrHeXbCW  answer=unknown  lap=0.000
  623/716  [wrong_year-1] HJxyAjRcFX  answer=unknown  lap=0.000
  624/716  [wrong_year-1] HyNbtiR9YX  answer=unknown  lap=0.000
  625/716  [wrong_year-1] SJxJtiRqt7  answer=unknown  lap=0.000
  626/716  [wrong_year-1] rJe8pxSFwr  answer=unknown  lap=0.000
  627/716  [wrong_year-1] r1l7E1HFPH  answer=unknown  lap=0.000
  628/716  [wrong_year-1] HyMxAi05Km  answer=unknown  lap=0.000
  629/716  [wrong_year-1] S1e4Q6EtDH  answer=unknown  lap=0.000
  630/716  [wrong_year-1] SyzKd1bCW  answer=unknown  lap=0.000
  631/716  [wrong_year-1] By5ugjyCb  answer=accepted  lap=1.000
  632/716  [wrong_year-1] rJehVyrKwH  answer=unknown  lap=0.000
  633/716  [wrong_year-1] H1eKT1SFvH  answer=unknown  lap=0.000
  634/716  [wrong_year-1] BJlgt2EYwr  answer=unknown  lap=0.000
  635/716  [wrong_year-1] S1eBzhRqK7  answer=unknown  lap=0.000
  636/716  [wrong_year-1] HyxehhNtvS  answer=unknown  lap=0.000
  637/716  [wrong_year-1] ryen_CEFwr  answer=unknown  lap=0.000
  638/716  [wrong_year-1] HkxZigSYwS  answer=unknown  lap=0.000
  639/716  [wrong_year-1] ry018WZAZ  answer=unknown  lap=0.000
  640/716  [wrong_year-1] BygPq6VFvS  answer=unknown  lap=0.000
  641/716  [wrong_year-1] Bkl2SjCcKQ  answer=unknown  lap=0.000
  642/716  [wrong_year-1] r1laNeBYPB  answer=unknown  lap=0.000
  643/716  [wrong_year-1] BkpiPMbA-  answer=unknown  lap=0.000
  644/716  [wrong_year-1] SyxfEn09Y7  answer=accepted  lap=1.000
  645/716  [wrong_year-1] HklFUlBKPB  answer=unknown  lap=0.000
  646/716  [wrong_year-1] BJeGZxrFvS  answer=unknown  lap=0.000
  647/716  [wrong_year-1] SkmM6M_pW  answer=unknown  lap=0.000
  648/716  [wrong_year-1] r1xwKoR9Y7  answer=accepted  lap=1.000
  649/716  [wrong_year-1] HyeGBj09Fm  answer=unknown  lap=0.000
  650/716  [wrong_year-1] Syl8Sn0cK7  answer=unknown  lap=0.000
  651/716  [wrong_year-1] Sye_OgHFwH  answer=unknown  lap=0.000
  652/716  [wrong_year-1] HJxEhREKDH  answer=accepted  lap=1.000
  653/716  [wrong_year-1] By4HsfWAZ  answer=unknown  lap=0.000
  654/716  [wrong_year-1] ryF-cQ6T-  answer=unknown  lap=0.000
  655/716  [wrong_year-1] ryepUj0qtX  answer=unknown  lap=0.000
  656/716  [wrong_year-1] SkgiX2Aqtm  answer=unknown  lap=0.000
  657/716  [wrong_year-1] rJxycxHKDS  answer=unknown  lap=0.000
  658/716  [wrong_year-1] SyeYiyHFDH  answer=unknown  lap=0.000
  659/716  [wrong_year-1] SklgfkSFPH  answer=unknown  lap=0.000
  660/716  [wrong_year-1] SJequsCqKQ  answer=unknown  lap=0.000
  661/716  [wrong_year-1] Byx0PREtDH  answer=unknown  lap=0.000
  662/716  [wrong_year-1] Hye1RJHKwB  answer=unknown  lap=0.000
  663/716  [wrong_year-1] SJlVY04FwH  answer=unknown  lap=0.000
  664/716  [wrong_year-1] Byf5-30qFX  answer=unknown  lap=0.000
  665/716  [wrong_year-1] BylsKkHYvH  answer=unknown  lap=0.000
  666/716  [wrong_year-1] H1gTEj09FX  answer=unknown  lap=0.000
  667/716  [wrong_year-1] ryeh4jA9F7  answer=unknown  lap=0.000
  668/716  [wrong_year-1] HJxdAoCcYX  answer=unknown  lap=0.000
  669/716  [wrong_year-1] HygQBn0cYm  answer=unknown  lap=0.000
  670/716  [wrong_year-1] rkeiQlBFPB  answer=unknown  lap=0.000
  671/716  [wrong_year-1] H1ewdiR5tQ  answer=unknown  lap=0.000
  672/716  [wrong_year-1] S1lSapVtwS  answer=unknown  lap=0.000
  673/716  [wrong_year-1] SkgsACVKPH  answer=accepted  lap=1.000
  674/716  [wrong_year-1] BJxSI1SKDH  answer=unknown  lap=0.000
  675/716  [wrong_year-1] HJgySxSKvB  answer=unknown  lap=0.000
  676/716  [wrong_year-1] SJe3KCNKPr  answer=unknown  lap=0.000
  677/716  [wrong_year-1] rJ7yZ2P6-  answer=unknown  lap=0.000
  678/716  [wrong_year-1] H1lTUCVYvH  answer=rejected  lap=1.000
  679/716  [wrong_year-1] HklXn1BKDH  answer=unknown  lap=0.000
  680/716  [wrong_year-1] BylWglrYPH  answer=unknown  lap=0.000
  681/716  [wrong_year-1] SJzRZ-WCZ  answer=unknown  lap=0.000
  682/716  [wrong_year-1] SylpBgrKPH  answer=accepted  lap=1.000
  683/716  [wrong_year-1] S1xitgHtvS  answer=unknown  lap=0.000
  684/716  [wrong_year-1] HkxAS6VFDB  answer=rejected  lap=1.000
  685/716  [wrong_year-1] Syl5o2EFPB  answer=unknown  lap=0.000
  686/716  [wrong_year-1] HklSeREtPB  answer=accepted  lap=1.000
  687/716  [wrong_year-1] SkMwpiR9Y7  answer=unknown  lap=0.000
  688/716  [wrong_year-1] HJxrVA4FDS  answer=unknown  lap=0.000
  689/716  [wrong_year-1] SyNvti09KQ  answer=unknown  lap=0.000
  690/716  [wrong_year-1] SkT5Yg-RZ  answer=rejected  lap=1.000
  691/716  [wrong_year-1] r1egIyBFPS  answer=unknown  lap=0.000
  692/716  [wrong_year-1] S1eYHoC5FX  answer=unknown  lap=0.072
  693/716  [wrong_year-1] rJlnfaNYvB  answer=unknown  lap=0.000
  694/716  [wrong_year-1] S1gtclSFvr  answer=unknown  lap=0.000
  695/716  [wrong_year-1] HJxwAo09KQ  answer=unknown  lap=0.000
  696/716  [wrong_year-1] Hy_o3x-0b  answer=unknown  lap=0.000
  697/716  [wrong_year-1] SylzhkBtDB  answer=unknown  lap=0.000
  698/716  [wrong_year-1] HJlNpoA5YQ  answer=unknown  lap=0.000
  699/716  [wrong_year-1] HkxCEhAqtQ  answer=unknown  lap=0.000
  700/716  [wrong_year-1] SJzMATlAZ  answer=unknown  lap=0.000
  701/716  [wrong_year-1] rkg3kRNKvH  answer=unknown  lap=0.000
  702/716  [wrong_year-1] SyunbfbAb  answer=unknown  lap=0.611
  703/716  [wrong_year-1] H1UOm4gA-  answer=unknown  lap=0.000
  704/716  [wrong_year-1] BJedHRVtPB  answer=unknown  lap=0.000
  705/716  [wrong_year-1] S1xCuTNYDr  answer=unknown  lap=0.000
  706/716  [wrong_year-1] rkltE0VKwH  answer=unknown  lap=0.000
  707/716  [wrong_year-1] HymuJz-A-  answer=rejected  lap=1.000
  708/716  [wrong_year-1] ByxHJeBYDB  answer=unknown  lap=0.000
  709/716  [wrong_year-1] HyxJhCEFDS  answer=unknown  lap=0.000
  710/716  [wrong_year-1] H113pWZRb  answer=unknown  lap=0.000
  711/716  [wrong_year-1] H1gfFaEYDS  answer=unknown  lap=0.000
  712/716  [wrong_year-1] rJaE2alRW  answer=unknown  lap=0.000
  713/716  [wrong_year-1] ryxz8CVYDH  answer=unknown  lap=0.000
  714/716  [wrong_year-1] BJgklhAcK7  answer=unknown  lap=0.245
  715/716  [wrong_year-1] HyxLRTVKPH  answer=unknown  lap=0.000
  716/716  [wrong_year-1] r17lFgZ0Z  answer=unknown  lap=0.000

=== Control summary ===
fabricated  (n=150): false-positive rate (LAP≥0.5) = 0.7%, mean LAP = 0.007
wrong_year  (n=328): mean LAP wrong-year = 0.177 vs correct-year = 0.174  (mean diff = -0.0031, sd = 0.3453)
wrong_year-1  (n=300): mean LAP wrong-year = 0.137 vs correct-year = 0.157  (mean diff = +0.0201, sd = 0.3180)

Output: outputs/leakage_controls.csv
